// Jest Snapshot v1, https://goo.gl/fbAQLP

exports[`renders welcome message 1`] = `
ShallowWrapper {
  Symbol(enzyme.__root__): [Circular],
  Symbol(enzyme.__unrendered__): <App />,
  Symbol(enzyme.__renderer__): Object {
    "batchedUpdates": [Function],
    "checkPropTypes": [Function],
    "getNode": [Function],
    "render": [Function],
    "simulateError": [Function],
    "simulateEvent": [Function],
    "unmount": [Function],
  },
  Symbol(enzyme.__node__): Object {
    "instance": null,
    "key": undefined,
    "nodeType": "host",
    "props": Object {
      "children": Array [
        <h1
          className="p-10 text-center text-4xl font-semibold text-gray-100"
        >
          Random Phone Number Generator
        </h1>,
        <div
          className="flex p-4"
        >
          <div
            className="w-1/2 mr-4 h-12"
          >
            <div
              className="mb-4 p-4"
            >
              <h1
                className="text-gray-200 text-lg font-bold mb-2"
              >
                Total Generated Phonenumbers
              </h1>
              <div
                className=""
              >
                <p
                  className="font-mono text-6xl font-extrabold text-gray-100"
                />
              </div>
            </div>
          </div>
          <form
            className="w-1/2 ml-4 bg-gray-600"
          >
            <div
              className="p-4"
            >
              <label
                className="block text-gray-200 text-sm font-bold mb-2"
                htmlFor="phoneNumber"
              >
                How many phonenumbers?
              </label>
              <input
                className="shadow appearance-none border rounded w-full py-2 px-3 text-gray-700 leading-tight focus:outline-none focus:shadow-outline"
                name="number"
                onChange={[Function]}
                type="text"
              />
            </div>
            <div
              className="flex px-4 pb-4 items-center justify-between"
            >
              <button
                className="bg-green-600 hover:bg-green-700 text-white font-bold py-2 px-4 rounded focus:outline-none focus:shadow-outline"
                disabled={true}
                onClick={[Function]}
                type="submit"
              >
                Generate
              </button>
            </div>
          </form>
        </div>,
        <div
          className="flex-1 ml-8 mr-4 p-4 bg-gray-600"
        >
          <div
            className="w-full mb-2"
          >
            <p
              className="text-lg font-bold text-gray-100"
            >
              All Generated Phone Numbers
            </p>
            <button
              className="mr-2 bg-gray-300 hover:bg-gray-400 text-gray-800 font-bold py-2 px-4 rounded inline-flex items-center"
            >
              <img
                alt="Sort Ascending"
                className="h-4"
                onClick={[Function]}
                src={
                  Object {
                    "process": [Function],
                  }
                }
              />
            </button>
            <button
              className="bg-gray-300 hover:bg-gray-400 text-gray-800 font-bold py-2 px-4 rounded inline-flex items-center"
            >
              <img
                alt="Sort Descending"
                className="h-4"
                onClick={[Function]}
                src={
                  Object {
                    "process": [Function],
                  }
                }
              />
            </button>
          </div>
          <div
            className="w-full bg-gray-200 p-4"
          >
            <ul
              className="font-mono font-semibold list-inside tracking-wide text-gray-600"
            />
          </div>
        </div>,
      ],
      "className": "w-1/2 mx-auto ",
    },
    "ref": null,
    "rendered": Array [
      Object {
        "instance": null,
        "key": undefined,
        "nodeType": "host",
        "props": Object {
          "children": "Random Phone Number Generator",
          "className": "p-10 text-center text-4xl font-semibold text-gray-100",
        },
        "ref": null,
        "rendered": "Random Phone Number Generator",
        "type": "h1",
      },
      Object {
        "instance": null,
        "key": undefined,
        "nodeType": "host",
        "props": Object {
          "children": Array [
            <div
              className="w-1/2 mr-4 h-12"
            >
              <div
                className="mb-4 p-4"
              >
                <h1
                  className="text-gray-200 text-lg font-bold mb-2"
                >
                  Total Generated Phonenumbers
                </h1>
                <div
                  className=""
                >
                  <p
                    className="font-mono text-6xl font-extrabold text-gray-100"
                  />
                </div>
              </div>
            </div>,
            <form
              className="w-1/2 ml-4 bg-gray-600"
            >
              <div
                className="p-4"
              >
                <label
                  className="block text-gray-200 text-sm font-bold mb-2"
                  htmlFor="phoneNumber"
                >
                  How many phonenumbers?
                </label>
                <input
                  className="shadow appearance-none border rounded w-full py-2 px-3 text-gray-700 leading-tight focus:outline-none focus:shadow-outline"
                  name="number"
                  onChange={[Function]}
                  type="text"
                />
              </div>
              <div
                className="flex px-4 pb-4 items-center justify-between"
              >
                <button
                  className="bg-green-600 hover:bg-green-700 text-white font-bold py-2 px-4 rounded focus:outline-none focus:shadow-outline"
                  disabled={true}
                  onClick={[Function]}
                  type="submit"
                >
                  Generate
                </button>
              </div>
            </form>,
          ],
          "className": "flex p-4",
        },
        "ref": null,
        "rendered": Array [
          Object {
            "instance": null,
            "key": undefined,
            "nodeType": "host",
            "props": Object {
              "children": <div
                className="mb-4 p-4"
              >
                <h1
                  className="text-gray-200 text-lg font-bold mb-2"
                >
                  Total Generated Phonenumbers
                </h1>
                <div
                  className=""
                >
                  <p
                    className="font-mono text-6xl font-extrabold text-gray-100"
                  />
                </div>
              </div>,
              "className": "w-1/2 mr-4 h-12",
            },
            "ref": null,
            "rendered": Object {
              "instance": null,
              "key": undefined,
              "nodeType": "host",
              "props": Object {
                "children": Array [
                  <h1
                    className="text-gray-200 text-lg font-bold mb-2"
                  >
                    Total Generated Phonenumbers
                  </h1>,
                  <div
                    className=""
                  >
                    <p
                      className="font-mono text-6xl font-extrabold text-gray-100"
                    />
                  </div>,
                ],
                "className": "mb-4 p-4",
              },
              "ref": null,
              "rendered": Array [
                Object {
                  "instance": null,
                  "key": undefined,
                  "nodeType": "host",
                  "props": Object {
                    "children": "Total Generated Phonenumbers",
                    "className": "text-gray-200 text-lg font-bold mb-2",
                  },
                  "ref": null,
                  "rendered": "Total Generated Phonenumbers",
                  "type": "h1",
                },
                Object {
                  "instance": null,
                  "key": undefined,
                  "nodeType": "host",
                  "props": Object {
                    "children": <p
                      className="font-mono text-6xl font-extrabold text-gray-100"
                    />,
                    "className": "",
                  },
                  "ref": null,
                  "rendered": Object {
                    "instance": null,
                    "key": undefined,
                    "nodeType": "host",
                    "props": Object {
                      "children": null,
                      "className": "font-mono text-6xl font-extrabold text-gray-100",
                    },
                    "ref": null,
                    "rendered": null,
                    "type": "p",
                  },
                  "type": "div",
                },
              ],
              "type": "div",
            },
            "type": "div",
          },
          Object {
            "instance": null,
            "key": undefined,
            "nodeType": "host",
            "props": Object {
              "children": Array [
                <div
                  className="p-4"
                >
                  <label
                    className="block text-gray-200 text-sm font-bold mb-2"
                    htmlFor="phoneNumber"
                  >
                    How many phonenumbers?
                  </label>
                  <input
                    className="shadow appearance-none border rounded w-full py-2 px-3 text-gray-700 leading-tight focus:outline-none focus:shadow-outline"
                    name="number"
                    onChange={[Function]}
                    type="text"
                  />
                </div>,
                <div
                  className="flex px-4 pb-4 items-center justify-between"
                >
                  <button
                    className="bg-green-600 hover:bg-green-700 text-white font-bold py-2 px-4 rounded focus:outline-none focus:shadow-outline"
                    disabled={true}
                    onClick={[Function]}
                    type="submit"
                  >
                    Generate
                  </button>
                </div>,
              ],
              "className": "w-1/2 ml-4 bg-gray-600",
            },
            "ref": null,
            "rendered": Array [
              Object {
                "instance": null,
                "key": undefined,
                "nodeType": "host",
                "props": Object {
                  "children": Array [
                    <label
                      className="block text-gray-200 text-sm font-bold mb-2"
                      htmlFor="phoneNumber"
                    >
                      How many phonenumbers?
                    </label>,
                    <input
                      className="shadow appearance-none border rounded w-full py-2 px-3 text-gray-700 leading-tight focus:outline-none focus:shadow-outline"
                      name="number"
                      onChange={[Function]}
                      type="text"
                    />,
                  ],
                  "className": "p-4",
                },
                "ref": null,
                "rendered": Array [
                  Object {
                    "instance": null,
                    "key": undefined,
                    "nodeType": "host",
                    "props": Object {
                      "children": "How many phonenumbers?",
                      "className": "block text-gray-200 text-sm font-bold mb-2",
                      "htmlFor": "phoneNumber",
                    },
                    "ref": null,
                    "rendered": "How many phonenumbers?",
                    "type": "label",
                  },
                  Object {
                    "instance": null,
                    "key": undefined,
                    "nodeType": "host",
                    "props": Object {
                      "className": "shadow appearance-none border rounded w-full py-2 px-3 text-gray-700 leading-tight focus:outline-none focus:shadow-outline",
                      "name": "number",
                      "onChange": [Function],
                      "type": "text",
                    },
                    "ref": null,
                    "rendered": null,
                    "type": "input",
                  },
                ],
                "type": "div",
              },
              Object {
                "instance": null,
                "key": undefined,
                "nodeType": "host",
                "props": Object {
                  "children": <button
                    className="bg-green-600 hover:bg-green-700 text-white font-bold py-2 px-4 rounded focus:outline-none focus:shadow-outline"
                    disabled={true}
                    onClick={[Function]}
                    type="submit"
                  >
                    Generate
                  </button>,
                  "className": "flex px-4 pb-4 items-center justify-between",
                },
                "ref": null,
                "rendered": Object {
                  "instance": null,
                  "key": undefined,
                  "nodeType": "host",
                  "props": Object {
                    "children": "Generate",
                    "className": "bg-green-600 hover:bg-green-700 text-white font-bold py-2 px-4 rounded focus:outline-none focus:shadow-outline",
                    "disabled": true,
                    "onClick": [Function],
                    "type": "submit",
                  },
                  "ref": null,
                  "rendered": "Generate",
                  "type": "button",
                },
                "type": "div",
              },
            ],
            "type": "form",
          },
        ],
        "type": "div",
      },
      Object {
        "instance": null,
        "key": undefined,
        "nodeType": "host",
        "props": Object {
          "children": Array [
            <div
              className="w-full mb-2"
            >
              <p
                className="text-lg font-bold text-gray-100"
              >
                All Generated Phone Numbers
              </p>
              <button
                className="mr-2 bg-gray-300 hover:bg-gray-400 text-gray-800 font-bold py-2 px-4 rounded inline-flex items-center"
              >
                <img
                  alt="Sort Ascending"
                  className="h-4"
                  onClick={[Function]}
                  src={
                    Object {
                      "process": [Function],
                    }
                  }
                />
              </button>
              <button
                className="bg-gray-300 hover:bg-gray-400 text-gray-800 font-bold py-2 px-4 rounded inline-flex items-center"
              >
                <img
                  alt="Sort Descending"
                  className="h-4"
                  onClick={[Function]}
                  src={
                    Object {
                      "process": [Function],
                    }
                  }
                />
              </button>
            </div>,
            <div
              className="w-full bg-gray-200 p-4"
            >
              <ul
                className="font-mono font-semibold list-inside tracking-wide text-gray-600"
              />
            </div>,
          ],
          "className": "flex-1 ml-8 mr-4 p-4 bg-gray-600",
        },
        "ref": null,
        "rendered": Array [
          Object {
            "instance": null,
            "key": undefined,
            "nodeType": "host",
            "props": Object {
              "children": Array [
                <p
                  className="text-lg font-bold text-gray-100"
                >
                  All Generated Phone Numbers
                </p>,
                <button
                  className="mr-2 bg-gray-300 hover:bg-gray-400 text-gray-800 font-bold py-2 px-4 rounded inline-flex items-center"
                >
                  <img
                    alt="Sort Ascending"
                    className="h-4"
                    onClick={[Function]}
                    src={
                      Object {
                        "process": [Function],
                      }
                    }
                  />
                </button>,
                <button
                  className="bg-gray-300 hover:bg-gray-400 text-gray-800 font-bold py-2 px-4 rounded inline-flex items-center"
                >
                  <img
                    alt="Sort Descending"
                    className="h-4"
                    onClick={[Function]}
                    src={
                      Object {
                        "process": [Function],
                      }
                    }
                  />
                </button>,
              ],
              "className": "w-full mb-2",
            },
            "ref": null,
            "rendered": Array [
              Object {
                "instance": null,
                "key": undefined,
                "nodeType": "host",
                "props": Object {
                  "children": "All Generated Phone Numbers",
                  "className": "text-lg font-bold text-gray-100",
                },
                "ref": null,
                "rendered": "All Generated Phone Numbers",
                "type": "p",
              },
              Object {
                "instance": null,
                "key": undefined,
                "nodeType": "host",
                "props": Object {
                  "children": <img
                    alt="Sort Ascending"
                    className="h-4"
                    onClick={[Function]}
                    src={
                      Object {
                        "process": [Function],
                      }
                    }
                  />,
                  "className": "mr-2 bg-gray-300 hover:bg-gray-400 text-gray-800 font-bold py-2 px-4 rounded inline-flex items-center",
                },
                "ref": null,
                "rendered": Object {
                  "instance": null,
                  "key": undefined,
                  "nodeType": "host",
                  "props": Object {
                    "alt": "Sort Ascending",
                    "className": "h-4",
                    "onClick": [Function],
                    "src": Object {
                      "process": [Function],
                    },
                  },
                  "ref": null,
                  "rendered": null,
                  "type": "img",
                },
                "type": "button",
              },
              Object {
                "instance": null,
                "key": undefined,
                "nodeType": "host",
                "props": Object {
                  "children": <img
                    alt="Sort Descending"
                    className="h-4"
                    onClick={[Function]}
                    src={
                      Object {
                        "process": [Function],
                      }
                    }
                  />,
                  "className": "bg-gray-300 hover:bg-gray-400 text-gray-800 font-bold py-2 px-4 rounded inline-flex items-center",
                },
                "ref": null,
                "rendered": Object {
                  "instance": null,
                  "key": undefined,
                  "nodeType": "host",
                  "props": Object {
                    "alt": "Sort Descending",
                    "className": "h-4",
                    "onClick": [Function],
                    "src": Object {
                      "process": [Function],
                    },
                  },
                  "ref": null,
                  "rendered": null,
                  "type": "img",
                },
                "type": "button",
              },
            ],
            "type": "div",
          },
          Object {
            "instance": null,
            "key": undefined,
            "nodeType": "host",
            "props": Object {
              "children": <ul
                className="font-mono font-semibold list-inside tracking-wide text-gray-600"
              />,
              "className": "w-full bg-gray-200 p-4",
            },
            "ref": null,
            "rendered": Object {
              "instance": null,
              "key": undefined,
              "nodeType": "host",
              "props": Object {
                "children": Array [],
                "className": "font-mono font-semibold list-inside tracking-wide text-gray-600",
              },
              "ref": null,
              "rendered": Array [],
              "type": "ul",
            },
            "type": "div",
          },
        ],
        "type": "div",
      },
    ],
    "type": "div",
  },
  Symbol(enzyme.__nodes__): Array [
    Object {
      "instance": null,
      "key": undefined,
      "nodeType": "host",
      "props": Object {
        "children": Array [
          <h1
            className="p-10 text-center text-4xl font-semibold text-gray-100"
          >
            Random Phone Number Generator
          </h1>,
          <div
            className="flex p-4"
          >
            <div
              className="w-1/2 mr-4 h-12"
            >
              <div
                className="mb-4 p-4"
              >
                <h1
                  className="text-gray-200 text-lg font-bold mb-2"
                >
                  Total Generated Phonenumbers
                </h1>
                <div
                  className=""
                >
                  <p
                    className="font-mono text-6xl font-extrabold text-gray-100"
                  />
                </div>
              </div>
            </div>
            <form
              className="w-1/2 ml-4 bg-gray-600"
            >
              <div
                className="p-4"
              >
                <label
                  className="block text-gray-200 text-sm font-bold mb-2"
                  htmlFor="phoneNumber"
                >
                  How many phonenumbers?
                </label>
                <input
                  className="shadow appearance-none border rounded w-full py-2 px-3 text-gray-700 leading-tight focus:outline-none focus:shadow-outline"
                  name="number"
                  onChange={[Function]}
                  type="text"
                />
              </div>
              <div
                className="flex px-4 pb-4 items-center justify-between"
              >
                <button
                  className="bg-green-600 hover:bg-green-700 text-white font-bold py-2 px-4 rounded focus:outline-none focus:shadow-outline"
                  disabled={true}
                  onClick={[Function]}
                  type="submit"
                >
                  Generate
                </button>
              </div>
            </form>
          </div>,
          <div
            className="flex-1 ml-8 mr-4 p-4 bg-gray-600"
          >
            <div
              className="w-full mb-2"
            >
              <p
                className="text-lg font-bold text-gray-100"
              >
                All Generated Phone Numbers
              </p>
              <button
                className="mr-2 bg-gray-300 hover:bg-gray-400 text-gray-800 font-bold py-2 px-4 rounded inline-flex items-center"
              >
                <img
                  alt="Sort Ascending"
                  className="h-4"
                  onClick={[Function]}
                  src={
                    Object {
                      "process": [Function],
                    }
                  }
                />
              </button>
              <button
                className="bg-gray-300 hover:bg-gray-400 text-gray-800 font-bold py-2 px-4 rounded inline-flex items-center"
              >
                <img
                  alt="Sort Descending"
                  className="h-4"
                  onClick={[Function]}
                  src={
                    Object {
                      "process": [Function],
                    }
                  }
                />
              </button>
            </div>
            <div
              className="w-full bg-gray-200 p-4"
            >
              <ul
                className="font-mono font-semibold list-inside tracking-wide text-gray-600"
              />
            </div>
          </div>,
        ],
        "className": "w-1/2 mx-auto ",
      },
      "ref": null,
      "rendered": Array [
        Object {
          "instance": null,
          "key": undefined,
          "nodeType": "host",
          "props": Object {
            "children": "Random Phone Number Generator",
            "className": "p-10 text-center text-4xl font-semibold text-gray-100",
          },
          "ref": null,
          "rendered": "Random Phone Number Generator",
          "type": "h1",
        },
        Object {
          "instance": null,
          "key": undefined,
          "nodeType": "host",
          "props": Object {
            "children": Array [
              <div
                className="w-1/2 mr-4 h-12"
              >
                <div
                  className="mb-4 p-4"
                >
                  <h1
                    className="text-gray-200 text-lg font-bold mb-2"
                  >
                    Total Generated Phonenumbers
                  </h1>
                  <div
                    className=""
                  >
                    <p
                      className="font-mono text-6xl font-extrabold text-gray-100"
                    />
                  </div>
                </div>
              </div>,
              <form
                className="w-1/2 ml-4 bg-gray-600"
              >
                <div
                  className="p-4"
                >
                  <label
                    className="block text-gray-200 text-sm font-bold mb-2"
                    htmlFor="phoneNumber"
                  >
                    How many phonenumbers?
                  </label>
                  <input
                    className="shadow appearance-none border rounded w-full py-2 px-3 text-gray-700 leading-tight focus:outline-none focus:shadow-outline"
                    name="number"
                    onChange={[Function]}
                    type="text"
                  />
                </div>
                <div
                  className="flex px-4 pb-4 items-center justify-between"
                >
                  <button
                    className="bg-green-600 hover:bg-green-700 text-white font-bold py-2 px-4 rounded focus:outline-none focus:shadow-outline"
                    disabled={true}
                    onClick={[Function]}
                    type="submit"
                  >
                    Generate
                  </button>
                </div>
              </form>,
            ],
            "className": "flex p-4",
          },
          "ref": null,
          "rendered": Array [
            Object {
              "instance": null,
              "key": undefined,
              "nodeType": "host",
              "props": Object {
                "children": <div
                  className="mb-4 p-4"
                >
                  <h1
                    className="text-gray-200 text-lg font-bold mb-2"
                  >
                    Total Generated Phonenumbers
                  </h1>
                  <div
                    className=""
                  >
                    <p
                      className="font-mono text-6xl font-extrabold text-gray-100"
                    />
                  </div>
                </div>,
                "className": "w-1/2 mr-4 h-12",
              },
              "ref": null,
              "rendered": Object {
                "instance": null,
                "key": undefined,
                "nodeType": "host",
                "props": Object {
                  "children": Array [
                    <h1
                      className="text-gray-200 text-lg font-bold mb-2"
                    >
                      Total Generated Phonenumbers
                    </h1>,
                    <div
                      className=""
                    >
                      <p
                        className="font-mono text-6xl font-extrabold text-gray-100"
                      />
                    </div>,
                  ],
                  "className": "mb-4 p-4",
                },
                "ref": null,
                "rendered": Array [
                  Object {
                    "instance": null,
                    "key": undefined,
                    "nodeType": "host",
                    "props": Object {
                      "children": "Total Generated Phonenumbers",
                      "className": "text-gray-200 text-lg font-bold mb-2",
                    },
                    "ref": null,
                    "rendered": "Total Generated Phonenumbers",
                    "type": "h1",
                  },
                  Object {
                    "instance": null,
                    "key": undefined,
                    "nodeType": "host",
                    "props": Object {
                      "children": <p
                        className="font-mono text-6xl font-extrabold text-gray-100"
                      />,
                      "className": "",
                    },
                    "ref": null,
                    "rendered": Object {
                      "instance": null,
                      "key": undefined,
                      "nodeType": "host",
                      "props": Object {
                        "children": null,
                        "className": "font-mono text-6xl font-extrabold text-gray-100",
                      },
                      "ref": null,
                      "rendered": null,
                      "type": "p",
                    },
                    "type": "div",
                  },
                ],
                "type": "div",
              },
              "type": "div",
            },
            Object {
              "instance": null,
              "key": undefined,
              "nodeType": "host",
              "props": Object {
                "children": Array [
                  <div
                    className="p-4"
                  >
                    <label
                      className="block text-gray-200 text-sm font-bold mb-2"
                      htmlFor="phoneNumber"
                    >
                      How many phonenumbers?
                    </label>
                    <input
                      className="shadow appearance-none border rounded w-full py-2 px-3 text-gray-700 leading-tight focus:outline-none focus:shadow-outline"
                      name="number"
                      onChange={[Function]}
                      type="text"
                    />
                  </div>,
                  <div
                    className="flex px-4 pb-4 items-center justify-between"
                  >
                    <button
                      className="bg-green-600 hover:bg-green-700 text-white font-bold py-2 px-4 rounded focus:outline-none focus:shadow-outline"
                      disabled={true}
                      onClick={[Function]}
                      type="submit"
                    >
                      Generate
                    </button>
                  </div>,
                ],
                "className": "w-1/2 ml-4 bg-gray-600",
              },
              "ref": null,
              "rendered": Array [
                Object {
                  "instance": null,
                  "key": undefined,
                  "nodeType": "host",
                  "props": Object {
                    "children": Array [
                      <label
                        className="block text-gray-200 text-sm font-bold mb-2"
                        htmlFor="phoneNumber"
                      >
                        How many phonenumbers?
                      </label>,
                      <input
                        className="shadow appearance-none border rounded w-full py-2 px-3 text-gray-700 leading-tight focus:outline-none focus:shadow-outline"
                        name="number"
                        onChange={[Function]}
                        type="text"
                      />,
                    ],
                    "className": "p-4",
                  },
                  "ref": null,
                  "rendered": Array [
                    Object {
                      "instance": null,
                      "key": undefined,
                      "nodeType": "host",
                      "props": Object {
                        "children": "How many phonenumbers?",
                        "className": "block text-gray-200 text-sm font-bold mb-2",
                        "htmlFor": "phoneNumber",
                      },
                      "ref": null,
                      "rendered": "How many phonenumbers?",
                      "type": "label",
                    },
                    Object {
                      "instance": null,
                      "key": undefined,
                      "nodeType": "host",
                      "props": Object {
                        "className": "shadow appearance-none border rounded w-full py-2 px-3 text-gray-700 leading-tight focus:outline-none focus:shadow-outline",
                        "name": "number",
                        "onChange": [Function],
                        "type": "text",
                      },
                      "ref": null,
                      "rendered": null,
                      "type": "input",
                    },
                  ],
                  "type": "div",
                },
                Object {
                  "instance": null,
                  "key": undefined,
                  "nodeType": "host",
                  "props": Object {
                    "children": <button
                      className="bg-green-600 hover:bg-green-700 text-white font-bold py-2 px-4 rounded focus:outline-none focus:shadow-outline"
                      disabled={true}
                      onClick={[Function]}
                      type="submit"
                    >
                      Generate
                    </button>,
                    "className": "flex px-4 pb-4 items-center justify-between",
                  },
                  "ref": null,
                  "rendered": Object {
                    "instance": null,
                    "key": undefined,
                    "nodeType": "host",
                    "props": Object {
                      "children": "Generate",
                      "className": "bg-green-600 hover:bg-green-700 text-white font-bold py-2 px-4 rounded focus:outline-none focus:shadow-outline",
                      "disabled": true,
                      "onClick": [Function],
                      "type": "submit",
                    },
                    "ref": null,
                    "rendered": "Generate",
                    "type": "button",
                  },
                  "type": "div",
                },
              ],
              "type": "form",
            },
          ],
          "type": "div",
        },
        Object {
          "instance": null,
          "key": undefined,
          "nodeType": "host",
          "props": Object {
            "children": Array [
              <div
                className="w-full mb-2"
              >
                <p
                  className="text-lg font-bold text-gray-100"
                >
                  All Generated Phone Numbers
                </p>
                <button
                  className="mr-2 bg-gray-300 hover:bg-gray-400 text-gray-800 font-bold py-2 px-4 rounded inline-flex items-center"
                >
                  <img
                    alt="Sort Ascending"
                    className="h-4"
                    onClick={[Function]}
                    src={
                      Object {
                        "process": [Function],
                      }
                    }
                  />
                </button>
                <button
                  className="bg-gray-300 hover:bg-gray-400 text-gray-800 font-bold py-2 px-4 rounded inline-flex items-center"
                >
                  <img
                    alt="Sort Descending"
                    className="h-4"
                    onClick={[Function]}
                    src={
                      Object {
                        "process": [Function],
                      }
                    }
                  />
                </button>
              </div>,
              <div
                className="w-full bg-gray-200 p-4"
              >
                <ul
                  className="font-mono font-semibold list-inside tracking-wide text-gray-600"
                />
              </div>,
            ],
            "className": "flex-1 ml-8 mr-4 p-4 bg-gray-600",
          },
          "ref": null,
          "rendered": Array [
            Object {
              "instance": null,
              "key": undefined,
              "nodeType": "host",
              "props": Object {
                "children": Array [
                  <p
                    className="text-lg font-bold text-gray-100"
                  >
                    All Generated Phone Numbers
                  </p>,
                  <button
                    className="mr-2 bg-gray-300 hover:bg-gray-400 text-gray-800 font-bold py-2 px-4 rounded inline-flex items-center"
                  >
                    <img
                      alt="Sort Ascending"
                      className="h-4"
                      onClick={[Function]}
                      src={
                        Object {
                          "process": [Function],
                        }
                      }
                    />
                  </button>,
                  <button
                    className="bg-gray-300 hover:bg-gray-400 text-gray-800 font-bold py-2 px-4 rounded inline-flex items-center"
                  >
                    <img
                      alt="Sort Descending"
                      className="h-4"
                      onClick={[Function]}
                      src={
                        Object {
                          "process": [Function],
                        }
                      }
                    />
                  </button>,
                ],
                "className": "w-full mb-2",
              },
              "ref": null,
              "rendered": Array [
                Object {
                  "instance": null,
                  "key": undefined,
                  "nodeType": "host",
                  "props": Object {
                    "children": "All Generated Phone Numbers",
                    "className": "text-lg font-bold text-gray-100",
                  },
                  "ref": null,
                  "rendered": "All Generated Phone Numbers",
                  "type": "p",
                },
                Object {
                  "instance": null,
                  "key": undefined,
                  "nodeType": "host",
                  "props": Object {
                    "children": <img
                      alt="Sort Ascending"
                      className="h-4"
                      onClick={[Function]}
                      src={
                        Object {
                          "process": [Function],
                        }
                      }
                    />,
                    "className": "mr-2 bg-gray-300 hover:bg-gray-400 text-gray-800 font-bold py-2 px-4 rounded inline-flex items-center",
                  },
                  "ref": null,
                  "rendered": Object {
                    "instance": null,
                    "key": undefined,
                    "nodeType": "host",
                    "props": Object {
                      "alt": "Sort Ascending",
                      "className": "h-4",
                      "onClick": [Function],
                      "src": Object {
                        "process": [Function],
                      },
                    },
                    "ref": null,
                    "rendered": null,
                    "type": "img",
                  },
                  "type": "button",
                },
                Object {
                  "instance": null,
                  "key": undefined,
                  "nodeType": "host",
                  "props": Object {
                    "children": <img
                      alt="Sort Descending"
                      className="h-4"
                      onClick={[Function]}
                      src={
                        Object {
                          "process": [Function],
                        }
                      }
                    />,
                    "className": "bg-gray-300 hover:bg-gray-400 text-gray-800 font-bold py-2 px-4 rounded inline-flex items-center",
                  },
                  "ref": null,
                  "rendered": Object {
                    "instance": null,
                    "key": undefined,
                    "nodeType": "host",
                    "props": Object {
                      "alt": "Sort Descending",
                      "className": "h-4",
                      "onClick": [Function],
                      "src": Object {
                        "process": [Function],
                      },
                    },
                    "ref": null,
                    "rendered": null,
                    "type": "img",
                  },
                  "type": "button",
                },
              ],
              "type": "div",
            },
            Object {
              "instance": null,
              "key": undefined,
              "nodeType": "host",
              "props": Object {
                "children": <ul
                  className="font-mono font-semibold list-inside tracking-wide text-gray-600"
                />,
                "className": "w-full bg-gray-200 p-4",
              },
              "ref": null,
              "rendered": Object {
                "instance": null,
                "key": undefined,
                "nodeType": "host",
                "props": Object {
                  "children": Array [],
                  "className": "font-mono font-semibold list-inside tracking-wide text-gray-600",
                },
                "ref": null,
                "rendered": Array [],
                "type": "ul",
              },
              "type": "div",
            },
          ],
          "type": "div",
        },
      ],
      "type": "div",
    },
  ],
  Symbol(enzyme.__options__): Object {
    "adapter": ReactSixteenAdapter {
      "options": Object {
        "enableComponentDidUpdateOnSetState": true,
        "legacyContextMode": "parent",
        "lifecycles": Object {
          "componentDidUpdate": Object {
            "onSetState": true,
          },
          "getChildContext": Object {
            "calledByRenderer": false,
          },
          "getDerivedStateFromError": true,
          "getDerivedStateFromProps": Object {
            "hasShouldComponentUpdateBug": false,
          },
          "getSnapshotBeforeUpdate": true,
          "setState": Object {
            "skipsComponentDidUpdateOnNullish": true,
          },
        },
      },
    },
    Symbol(enzyme.__providerValues__): undefined,
  },
  Symbol(enzyme.__providerValues__): Map {},
  Symbol(enzyme.__childContext__): null,
}
`;
